// Jest Snapshot v1, https://goo.gl/fbAQLP

exports[`MainRouter should match snapshot 1`] = `
<BrowserRouter>
  <Switch>
    <Route
      component={[Function]}
      exact={true}
      path="/"
    />
    <Route
      component={[Function]}
      path="/recipe"
    />
    <Route
      component={[Function]}
    />
  </Switch>
</BrowserRouter>
`;
