// Jest Snapshot v1, https://goo.gl/fbAQLP

exports[`Auth should match snapshot 1`] = `
<button
  onClick={[Function]}
>
  <SigninButton />
</button>
`;
